  pepper-carrot-6-vf d_0000 : {'exactitude': 5, 'pertinence': 4, 'coherence': 5, 'concision': 5}
  pepper-carrot-6-vf d_0001 : {'exactitude': 4, 'pertinence': 3, 'coherence': 5, 'concision': 4}
  pepper-carrot-6-vf d_0002 : {'exactitude': 4, 'pertinence': 3, 'coherence': 5, 'concision': 4}
  pepper-carrot-6-vf d_0003 : {'exactitude': 5, 'pertinence': 3, 'coherence': 4, 'concision': 5}
  pepper-carrot-6-vf d_0004 : {'exactitude': 5, 'pertinence': 3, 'coherence': 4, 'concision': 5}
  pepper-carrot-6-vf d_0005 : {'exactitude': 5, 'pertinence': 3, 'coherence': 5, 'concision': 4}
  pepper-carrot-6-vf d_0006 : {'exactitude': 5, 'pertinence': 4, 'coherence': 5, 'concision': 5}
  pepper-carrot-6-vf d_0007 : {'exactitude': 5, 'pertinence': 4, 'coherence': 5, 'concision': 5}
  pepper-carrot-6-vf d_0008 : {'exactitude': 1, 'pertinence': 2, 'coherence': 5, 'concision': 4}
  pepper-carrot-6-vf d_0009 : {'exactitude': 5, 'pertinence': 3, 'coherence': 5, 'concision': 4}
  pepper-carrot-6-vf d_0010 : {'exactitude': 5, 'pertinence': 4, 'coherence': 5, 'concision': 5}
  pepper-carrot-6-vf d_0011 : {'exactitude': 2, 'pertinence': 3, 'coherence': 4, 'concision': 5}
  pepper-carrot-6-vf d_0012 : {'exactitude': 5, 'pertinence': 4, 'coherence': 5, 'concision': 5}
  pepper-carrot-6-vf d_0013 : {'exactitude': 5, 'pertinence': 4, 'coherence': 5, 'concision': 5}
  pepper-carrot-6-vf d_0014 : {'exactitude': 5, 'pertinence': 3, 'coherence': 5, 'concision': 4}
  pepper-carrot-6-vf d_0015 : {'exactitude': 5, 'pertinence': 4, 'coherence': 5, 'concision': 5}
  pepper-carrot-6-vf d_0016 : {'exactitude': 5, 'pertinence': 4, 'coherence': 5, 'concision': 5}
  pepper-carrot-6-vf d_0017 : {'exactitude': 5, 'pertinence': 4, 'coherence': 5, 'concision': 5}
  pepper-carrot-6-vf d_0018 : {'exactitude': 5, 'pertinence': 4, 'coherence': 5, 'concision': 5}
  pepper-carrot-6-vf d_0019 : {'exactitude': 4, 'pertinence': 3, 'coherence': 5, 'concision': 4}
  pepper-carrot-6-vf d_0020 : {'exactitude': 5, 'pertinence': 4, 'coherence': 5, 'concision': 5}
  pepper-carrot-6-vf d_0021 : {'exactitude': 5, 'pertinence': 4, 'coherence': 5, 'concision': 5}
  pepper-carrot-6-vf d_0022 : {'exactitude': 5, 'pertinence': 4, 'coherence': 5, 'concision': 5}
  pepper-carrot-6-vf d_0023 : {'exactitude': 2, 'pertinence': 4, 'coherence': 5, 'concision': 3}
  pepper-carrot-6-vf d_0024 : {'exactitude': 4, 'pertinence': 3, 'coherence': 5, 'concision': 4}
  pepper-carrot-6-vf d_0025 : {'exactitude': 5, 'pertinence': 4, 'coherence': 5, 'concision': 5}
  sidiailles d_0000 : {'exactitude': 5, 'pertinence': 4, 'coherence': 5, 'concision': 5}
  sidiailles d_0002 : {'exactitude': 5, 'pertinence': 3, 'coherence': 4, 'concision': 5}
  sidiailles d_0003 : {'exactitude': 4, 'pertinence': 3, 'coherence': 5, 'concision': 4}
  sidiailles d_0004 : {'exactitude': 5, 'pertinence': 4, 'coherence': 5, 'concision': 5}
  sidiailles d_0005 : {'exactitude': 4, 'pertinence': 3, 'coherence': 5, 'concision': 4}
  sidiailles d_0006 : {'exactitude': 5, 'pertinence': 4, 'coherence': 5, 'concision': 5}
  sidiailles d_0007 : {'exactitude': 2, 'pertinence': 3, 'coherence': 1, 'concision': 4}
  sidiailles d_0008 : {'exactitude': 5, 'pertinence': 4, 'coherence': 5, 'concision': 5}
  sidiailles d_0009 : {'exactitude': 5, 'pertinence': 4, 'coherence': 5, 'concision': 5}
  sidiailles d_0010 : {'exactitude': 1, 'pertinence': 2, 'coherence': 1, 'concision': 4}
  sidiailles d_0011 : {'exactitude': 4, 'pertinence': 3, 'coherence': 5, 'concision': 4}
  sidiailles d_0012 : {'exactitude': 4, 'pertinence': 3, 'coherence': 5, 'concision': 4}
  sidiailles d_0013 : {'exactitude': 5, 'pertinence': 4, 'coherence': 5, 'concision': 5}
  sidiailles d_0014 : {'exactitude': 3, 'pertinence': 4, 'coherence': 2, 'concision': 5}
  sidiailles d_0015 : {'exactitude': 5, 'pertinence': 4, 'coherence': 5, 'concision': 5}
  sidiailles d_0016 : {'exactitude': 5, 'pertinence': 2, 'coherence': 4, 'concision': 3}
  sidiailles d_0017 : {'exactitude': 5, 'pertinence': 4, 'coherence': 5, 'concision': 5}
  sidiailles d_0018 : {'exactitude': 1, 'pertinence': 2, 'coherence': 3, 'concision': 5}
  sidiailles d_0019 : {'exactitude': 5, 'pertinence': 4, 'coherence': 5, 'concision': 5}
  sidiailles d_0020 : {'exactitude': 5, 'pertinence': 4, 'coherence': 5, 'concision': 5}
  sidiailles d_0021 : {'exactitude': 3, 'pertinence': 4, 'coherence': 5, 'concision': 5}
  sidiailles d_0022 : {'exactitude': 4, 'pertinence': 3, 'coherence': 5, 'concision': 4}
  sidiailles d_0023 : {'exactitude': 1, 'pertinence': 2, 'coherence': 3, 'concision': 5}
  sidiailles d_0024 : {'exactitude': 5, 'pertinence': 3, 'coherence': 5, 'concision': 4}
  sidiailles d_0025 : {'exactitude': 4, 'pertinence': 3, 'coherence': 5, 'concision': 4}
  sidiailles d_0026 : {'exactitude': 5, 'pertinence': 3, 'coherence': 5, 'concision': 4}
  sidiailles d_0027 : {'exactitude': 5, 'pertinence': 3, 'coherence': 2, 'concision': 4}
  sidiailles d_0028 : {'exactitude': 4, 'pertinence': 3, 'coherence': 5, 'concision': 4}
  sidiailles d_0029 : {'exactitude': 2, 'pertinence': 3, 'coherence': 4, 'concision': 5}
  sidiailles d_0030 : {'exactitude': 5, 'pertinence': 4, 'coherence': 5, 'concision': 5}
  sidiailles d_0031 : {'exactitude': 2, 'pertinence': 3, 'coherence': 4, 'concision': 5}
  sidiailles d_0032 : {'exactitude': 5, 'pertinence': 3, 'coherence': 4, 'concision': 5}
  sidiailles d_0033 : {'exactitude': 5, 'pertinence': 4, 'coherence': 5, 'concision': 5}
  sidiailles d_0034 : {'exactitude': 5, 'pertinence': 4, 'coherence': 5, 'concision': 5}
  sidiailles d_0035 : {'exactitude': 5, 'pertinence': 4, 'coherence': 5, 'concision': 5}
  sidiailles d_0036 : {'exactitude': 5, 'pertinence': 3, 'coherence': 5, 'concision': 4}
  sidiailles d_0037 : {'exactitude': 5, 'pertinence': 3, 'coherence': 5, 'concision': 4}
  sidiailles d_0038 : {'exactitude': 5, 'pertinence': 4, 'coherence': 5, 'concision': 5}
  sidiailles d_0039 : {'exactitude': 5, 'pertinence': 4, 'coherence': 5, 'concision': 5}
  sidiailles d_0040 : {'exactitude': 3, 'pertinence': 2, 'coherence': 4, 'concision': 5}
  sidiailles d_0041 : {'exactitude': 5, 'pertinence': 4, 'coherence': 5, 'concision': 5}
  sidiailles d_0042 : {'exactitude': 4, 'pertinence': 3, 'coherence': 5, 'concision': 4}
  sidiailles d_0043 : {'exactitude': 5, 'pertinence': 4, 'coherence': 5, 'concision': 5}
  sidiailles d_0044 : {'exactitude': 5, 'pertinence': 4, 'coherence': 5, 'concision': 5}
  sidiailles d_0045 : {'exactitude': 5, 'pertinence': 4, 'coherence': 5, 'concision': 5}
  sidiailles d_0046 : {'exactitude': 5, 'pertinence': 4, 'coherence': 5, 'concision': 5}
  sidiailles d_0047 : {'exactitude': 5, 'pertinence': 4, 'coherence': 5, 'concision': 5}
  sidiailles d_0048 : {'exactitude': 5, 'pertinence': 4, 'coherence': 5, 'concision': 5}
  sidiailles d_0049 : {'exactitude': 2, 'pertinence': 3, 'coherence': 4, 'concision': 5}
  sidiailles d_0050 : {'exactitude': 5, 'pertinence': 4, 'coherence': 5, 'concision': 5}
  sidiailles d_0051 : {'exactitude': 3, 'pertinence': 2, 'coherence': 4, 'concision': 5}
  sidiailles d_0052 : {'exactitude': 3, 'pertinence': 4, 'coherence': 5, 'concision': 5}
  sidiailles d_0053 : {'exactitude': 5, 'pertinence': 4, 'coherence': 5, 'concision': 5}
  sidiailles d_0054 : {'exactitude': 3, 'pertinence': 2, 'coherence': 4, 'concision': 5}
  sidiailles d_0055 : {'exactitude': 5, 'pertinence': 4, 'coherence': 5, 'concision': 5}
  sidiailles d_0056 : {'exactitude': 4, 'pertinence': 3, 'coherence': 5, 'concision': 4}
  sidiailles d_0057 : {'exactitude': 4, 'pertinence': 3, 'coherence': 5, 'concision': 4}
  sidiailles d_0058 : {'exactitude': 5, 'pertinence': 4, 'coherence': 5, 'concision': 5}
  sidiailles d_0059 : {'exactitude': 5, 'pertinence': 4, 'coherence': 5, 'concision': 5}
  sidiailles d_0060 : {'exactitude': 1, 'pertinence': 2, 'coherence': 3, 'concision': 4}
  sidiailles d_0061 : {'exactitude': 5, 'pertinence': 4, 'coherence': 5, 'concision': 5}
  sidiailles d_0063 : {'exactitude': 5, 'pertinence': 4, 'coherence': 5, 'concision': 5}
  sidiailles d_0064 : {'exactitude': 5, 'pertinence': 4, 'coherence': 5, 'concision': 5}
  sidiailles d_0065 : {'exactitude': 5, 'pertinence': 4, 'coherence': 5, 'concision': 5}
  sidiailles d_0066 : {'exactitude': 5, 'pertinence': 3, 'coherence': 4, 'concision': 4}
  sidiailles d_0067 : {'exactitude': 3, 'pertinence': 4, 'coherence': 5, 'concision': 5}
  sidiailles d_0068 : {'exactitude': 5, 'pertinence': 3, 'coherence': 5, 'concision': 4}
  sidiailles d_0069 : {'exactitude': 3, 'pertinence': 2, 'coherence': 4, 'concision': 5}
  sidiailles d_0070 : {'exactitude': 4, 'pertinence': 3, 'coherence': 5, 'concision': 4}
  sidiailles d_0071 : {'exactitude': 4, 'pertinence': 3, 'coherence': 5, 'concision': 4}
  sidiailles d_0072 : {'exactitude': 3, 'pertinence': 2, 'coherence': 4, 'concision': 5}
  sidiailles d_0073 : {'exactitude': 2, 'pertinence': 3, 'coherence': 4, 'concision': 5}
  sidiailles d_0074 : {'exactitude': 3, 'pertinence': 4, 'coherence': 5, 'concision': 4}
  sidiailles d_0075 : {'exactitude': 5, 'pertinence': 4, 'coherence': 5, 'concision': 5}
  sidiailles d_0076 : {'exactitude': 5, 'pertinence': 4, 'coherence': 5, 'concision': 5}
  sidiailles d_0077 : {'exactitude': 2, 'pertinence': 3, 'coherence': 4, 'concision': 5}
  sidiailles d_0078 : {'exactitude': 2, 'pertinence': 1, 'coherence': 3, 'concision': 4}
  sidiailles d_0079 : {'exactitude': 5, 'pertinence': 4, 'coherence': 5, 'concision': 5}
  sidiailles d_0080 : {'exactitude': 5, 'pertinence': 3, 'coherence': 5, 'concision': 4}
  sintel-vf d_0000 : {'exactitude': 5, 'pertinence': 4, 'coherence': 5, 'concision': 5}
  sintel-vf d_0001 : {'exactitude': 5, 'pertinence': 4, 'coherence': 5, 'concision': 5}
  sintel-vf d_0003 : {'exactitude': 5, 'pertinence': 4, 'coherence': 5, 'concision': 5}
  sintel-vf d_0004 : {'exactitude': 2, 'pertinence': 3, 'coherence': 4, 'concision': 5}
  sintel-vf d_0005 : {'exactitude': 5, 'pertinence': 4, 'coherence': 3, 'concision': 5}
  sintel-vf d_0006 : {'exactitude': 2, 'pertinence': 3, 'coherence': 4, 'concision': 5}
  sintel-vf d_0007 : {'exactitude': 5, 'pertinence': 4, 'coherence': 5, 'concision': 5}
  sintel-vf d_0008 : {'exactitude': 2, 'pertinence': 3, 'coherence': 4, 'concision': 5}
  sintel-vf d_0009 : {'exactitude': 3, 'pertinence': 4, 'coherence': 5, 'concision': 4}
  sintel-vf d_0010 : {'exactitude': 5, 'pertinence': 4, 'coherence': 5, 'concision': 5}
  sintel-vf d_0011 : {'exactitude': 5, 'pertinence': 4, 'coherence': 5, 'concision': 5}
  sintel-vf d_0012 : {'exactitude': 5, 'pertinence': 4, 'coherence': 5, 'concision': 5}
  sintel-vf d_0013 : {'exactitude': 5, 'pertinence': 3, 'coherence': 4, 'concision': 5}
  sintel-vf d_0014 : {'exactitude': 5, 'pertinence': 4, 'coherence': 5, 'concision': 5}
  sintel-vf d_0015 : {'exactitude': 5, 'pertinence': 4, 'coherence': 5, 'concision': 5}
  sintel-vf d_0016 : {'exactitude': 2, 'pertinence': 3, 'coherence': 4, 'concision': 5}
  sintel-vf d_0017 : {'exactitude': 2, 'pertinence': 3, 'coherence': 4, 'concision': 5}
  sintel-vf d_0018 : {'exactitude': 3, 'pertinence': 4, 'coherence': 5, 'concision': 5}
  sintel-vf d_0019 : {'exactitude': 5, 'pertinence': 4, 'coherence': 5, 'concision': 5}
  sintel-vf d_0020 : {'exactitude': 5, 'pertinence': 4, 'coherence': 5, 'concision': 5}
  sintel-vf d_0021 : {'exactitude': 5, 'pertinence': 4, 'coherence': 5, 'concision': 5}
  sintel-vf d_0022 : {'exactitude': 4, 'pertinence': 3, 'coherence': 5, 'concision': 4}
  sintel-vf d_0023 : {'exactitude': 5, 'pertinence': 4, 'coherence': 5, 'concision': 5}
  sintel-vf d_0024 : {'exactitude': 5, 'pertinence': 4, 'coherence': 5, 'concision': 5}
  sintel-vf d_0025 : {'exactitude': 4, 'pertinence': 3, 'coherence': 5, 'concision': 4}
  sintel-vf d_0026 : {'exactitude': 3, 'pertinence': 4, 'coherence': 5, 'concision': 4}
  sintel-vf d_0027 : {'exactitude': 5, 'pertinence': 4, 'coherence': 5, 'concision': 5}
  sintel-vf d_0028 : {'exactitude': 2, 'pertinence': 3, 'coherence': 4, 'concision': 5}
  sintel-vf d_0029 : {'exactitude': 5, 'pertinence': 3, 'coherence': 5, 'concision': 4}
  sintel-vf d_0030 : {'exactitude': 5, 'pertinence': 4, 'coherence': 5, 'concision': 5}
  sintel-vf d_0031 : {'exactitude': 5, 'pertinence': 4, 'coherence': 5, 'concision': 5}
  sintel-vf d_0032 : {'exactitude': 4, 'pertinence': 3, 'coherence': 5, 'concision': 4}
  sintel-vf d_0033 : {'exactitude': 5, 'pertinence': 4, 'coherence': 5, 'concision': 5}
  sintel-vf d_0034 : {'exactitude': 4, 'pertinence': 3, 'coherence': 5, 'concision': 4}
  sintel-vf d_0035 : {'exactitude': 4, 'pertinence': 3, 'coherence': 5, 'concision': 4}
  sintel-vf d_0036 : {'exactitude': 5, 'pertinence': 4, 'coherence': 5, 'concision': 5}
  sintel-vf d_0037 : {'exactitude': 5, 'pertinence': 4, 'coherence': 5, 'concision': 5}
  sintel-vf d_0038 : {'exactitude': 5, 'pertinence': 4, 'coherence': 5, 'concision': 5}
  sintel-vf d_0039 : {'exactitude': 4, 'pertinence': 3, 'coherence': 5, 'concision': 4}
  sintel-vf d_0040 : {'exactitude': 4, 'pertinence': 3, 'coherence': 5, 'concision': 4}
  sintel-vf d_0041 : {'exactitude': 4, 'pertinence': 3, 'coherence': 5, 'concision': 4}
  sintel-vf d_0042 : {'exactitude': 4, 'pertinence': 3, 'coherence': 5, 'concision': 4}
  sintel-vf d_0043 : {'exactitude': 4, 'pertinence': 3, 'coherence': 5, 'concision': 4}
  sintel-vf d_0044 : {'exactitude': 1, 'pertinence': 2, 'coherence': 1, 'concision': 4}
  sintel-vf d_0045 : {'exactitude': 5, 'pertinence': 4, 'coherence': 5, 'concision': 5}
  sintel-vf d_0046 : {'exactitude': 5, 'pertinence': 4, 'coherence': 5, 'concision': 5}
  sintel-vf d_0047 : {'exactitude': 2, 'pertinence': 3, 'coherence': 4, 'concision': 5}
  sintel-vf d_0048 : {'exactitude': 5, 'pertinence': 4, 'coherence': 5, 'concision': 5}
  sintel-vf d_0049 : {'exactitude': 2, 'pertinence': 3, 'coherence': 4, 'concision': 5}
  sintel-vf d_0050 : {'exactitude': 2, 'pertinence': 3, 'coherence': 4, 'concision': 5}
  sintel-vf d_0051 : {'exactitude': 5, 'pertinence': 4, 'coherence': 5, 'concision': 5}
  sintel-vf d_0052 : {'exactitude': 5, 'pertinence': 4, 'coherence': 5, 'concision': 5}
  sintel-vf d_0053 : {'exactitude': 4, 'pertinence': 3, 'coherence': 5, 'concision': 4}
  sintel-vf d_0054 : {'exactitude': 4, 'pertinence': 3, 'coherence': 5, 'concision': 4}
  sintel-vf d_0055 : {'exactitude': 3, 'pertinence': 4, 'coherence': 5, 'concision': 5}
  sintel-vf d_0056 : {'exactitude': 5, 'pertinence': 4, 'coherence': 5, 'concision': 5}
  sintel-vf d_0057 : {'exactitude': 5, 'pertinence': 4, 'coherence': 5, 'concision': 5}
  sintel-vf d_0058 : {'exactitude': 5, 'pertinence': 4, 'coherence': 5, 'concision': 5}
  sintel-vf d_0059 : {'exactitude': 4, 'pertinence': 3, 'coherence': 5, 'concision': 4}
  sintel-vf d_0060 : {'exactitude': 5, 'pertinence': 4, 'coherence': 5, 'concision': 5}
  sintel-vf d_0061 : {'exactitude': 5, 'pertinence': 4, 'coherence': 5, 'concision': 5}
  sintel-vf d_0062 : {'exactitude': 5, 'pertinence': 4, 'coherence': 5, 'concision': 5}
  sintel-vf d_0063 : {'exactitude': 5, 'pertinence': 4, 'coherence': 5, 'concision': 5}
  sintel-vf d_0064 : {'exactitude': 5, 'pertinence': 4, 'coherence': 5, 'concision': 5}
  sintel-vf d_0065 : {'exactitude': 4, 'pertinence': 3, 'coherence': 5, 'concision': 4}
  sintel-vf d_0066 : {'exactitude': 5, 'pertinence': 4, 'coherence': 5, 'concision': 5}
  sintel-vf d_0067 : {'exactitude': 5, 'pertinence': 4, 'coherence': 5, 'concision': 5}
  sintel-vf d_0068 : {'exactitude': 5, 'pertinence': 4, 'coherence': 5, 'concision': 5}
  sintel-vf d_0069 : {'exactitude': 5, 'pertinence': 4, 'coherence': 5, 'concision': 5}
  sintel-vf d_0070 : {'exactitude': 5, 'pertinence': 4, 'coherence': 5, 'concision': 5}
  sintel-vf d_0071 : {'exactitude': 5, 'pertinence': 4, 'coherence': 5, 'concision': 5}
  sintel-vf d_0072 : {'exactitude': 5, 'pertinence': 4, 'coherence': 5, 'concision': 5}
  sintel-vf d_0073 : {'exactitude': 5, 'pertinence': 4, 'coherence': 5, 'concision': 5}
  sintel-vf d_0074 : {'exactitude': 5, 'pertinence': 4, 'coherence': 5, 'concision': 5}
  sintel-vf d_0075 : {'exactitude': 2, 'pertinence': 3, 'coherence': 4, 'concision': 5}
  sintel-vf d_0076 : {'exactitude': 3, 'pertinence': 2, 'coherence': 4, 'concision': 5}
  sintel-vf d_0077 : {'exactitude': 5, 'pertinence': 4, 'coherence': 5, 'concision': 5}
  sintel-vf d_0078 : {'exactitude': 5, 'pertinence': 4, 'coherence': 5, 'concision': 5}
  sintel-vf d_0079 : {'exactitude': 4, 'pertinence': 3, 'coherence': 5, 'concision': 4}
  sintel-vf d_0080 : {'exactitude': 5, 'pertinence': 4, 'coherence': 5, 'concision': 5}
  sintel-vf d_0081 : {'exactitude': 5, 'pertinence': 4, 'coherence': 5, 'concision': 5}
  sintel-vf d_0082 : {'exactitude': 5, 'pertinence': 4, 'coherence': 5, 'concision': 4}
  sintel-vf d_0083 : {'exactitude': 4, 'pertinence': 3, 'coherence': 5, 'concision': 4}
  sintel-vf d_0084 : {'exactitude': 3, 'pertinence': 2, 'coherence': 4, 'concision': 5}
  sintel-vf d_0085 : {'exactitude': 5, 'pertinence': 4, 'coherence': 5, 'concision': 5}
  sintel-vf d_0086 : {'exactitude': 5, 'pertinence': 4, 'coherence': 5, 'concision': 5}
  sintel-vf d_0087 : {'exactitude': 5, 'pertinence': 4, 'coherence': 5, 'concision': 5}
  sintel-vf d_0088 : {'exactitude': 4, 'pertinence': 3, 'coherence': 5, 'concision': 4}
  sintel-vf d_0089 : {'exactitude': 5, 'pertinence': 4, 'coherence': 5, 'concision': 5}
  sintel-vf d_0090 : {'exactitude': 3, 'pertinence': 4, 'coherence': 5, 'concision': 4}
  sintel-vf d_0092 : {'exactitude': 5, 'pertinence': 3, 'coherence': 5, 'concision': 4}
  sintel-vf d_0093 : {'exactitude': 5, 'pertinence': 4, 'coherence': 5, 'concision': 5}
  sintel-vf d_0094 : {'exactitude': 5, 'pertinence': 2, 'coherence': 4, 'concision': 3}
  sintel-vf d_0095 : {'exactitude': 5, 'pertinence': 4, 'coherence': 5, 'concision': 5}
  sintel-vo d_0000 : {'exactitude': 5, 'pertinence': 4, 'coherence': 5, 'concision': 5}
  sintel-vo d_0001 : {'exactitude': 5, 'pertinence': 4, 'coherence': 5, 'concision': 5}
  sintel-vo d_0003 : {'exactitude': 5, 'pertinence': 4, 'coherence': 5, 'concision': 5}
  sintel-vo d_0004 : {'exactitude': 3, 'pertinence': 2, 'coherence': 4, 'concision': 5}
  sintel-vo d_0005 : {'exactitude': 5, 'pertinence': 4, 'coherence': 5, 'concision': 5}
  sintel-vo d_0006 : {'exactitude': 2, 'pertinence': 3, 'coherence': 4, 'concision': 5}
  sintel-vo d_0007 : {'exactitude': 5, 'pertinence': 4, 'coherence': 5, 'concision': 5}
  sintel-vo d_0008 : {'exactitude': 4, 'pertinence': 3, 'coherence': 5, 'concision': 4}
  sintel-vo d_0009 : {'exactitude': 5, 'pertinence': 4, 'coherence': 5, 'concision': 5}
  sintel-vo d_0010 : {'exactitude': 5, 'pertinence': 4, 'coherence': 5, 'concision': 5}
  sintel-vo d_0011 : {'exactitude': 5, 'pertinence': 4, 'coherence': 5, 'concision': 5}
  sintel-vo d_0012 : {'exactitude': 5, 'pertinence': 4, 'coherence': 5, 'concision': 5}
  sintel-vo d_0013 : {'exactitude': 2, 'pertinence': 3, 'coherence': 4, 'concision': 5}
  sintel-vo d_0014 : {'exactitude': 5, 'pertinence': 4, 'coherence': 5, 'concision': 5}
  sintel-vo d_0015 : {'exactitude': 5, 'pertinence': 3, 'coherence': 5, 'concision': 4}
  sintel-vo d_0016 : {'exactitude': 5, 'pertinence': 4, 'coherence': 5, 'concision': 5}
  sintel-vo d_0017 : {'exactitude': 5, 'pertinence': 4, 'coherence': 5, 'concision': 5}
  sintel-vo d_0018 : {'exactitude': 5, 'pertinence': 4, 'coherence': 5, 'concision': 5}
  sintel-vo d_0019 : {'exactitude': 5, 'pertinence': 4, 'coherence': 5, 'concision': 5}
  sintel-vo d_0020 : {'exactitude': 5, 'pertinence': 4, 'coherence': 5, 'concision': 5}
  sintel-vo d_0021 : {'exactitude': 5, 'pertinence': 4, 'coherence': 5, 'concision': 4}
  sintel-vo d_0022 : {'exactitude': 4, 'pertinence': 3, 'coherence': 5, 'concision': 4}
  sintel-vo d_0023 : {'exactitude': 5, 'pertinence': 4, 'coherence': 5, 'concision': 5}
  sintel-vo d_0024 : {'exactitude': 5, 'pertinence': 4, 'coherence': 5, 'concision': 5}
  sintel-vo d_0025 : {'exactitude': 5, 'pertinence': 4, 'coherence': 5, 'concision': 5}
  sintel-vo d_0026 : {'exactitude': 4, 'pertinence': 3, 'coherence': 5, 'concision': 4}
  sintel-vo d_0028 : {'exactitude': 4, 'pertinence': 3, 'coherence': 5, 'concision': 4}
  sintel-vo d_0029 : {'exactitude': 3, 'pertinence': 4, 'coherence': 5, 'concision': 4}
  sintel-vo d_0030 : {'exactitude': 5, 'pertinence': 4, 'coherence': 5, 'concision': 3}
  sintel-vo d_0031 : {'exactitude': 5, 'pertinence': 4, 'coherence': 5, 'concision': 5}
  sintel-vo d_0032 : {'exactitude': 1, 'pertinence': 2, 'coherence': 3, 'concision': 5}
  sintel-vo d_0033 : {'exactitude': 5, 'pertinence': 4, 'coherence': 5, 'concision': 5}
  sintel-vo d_0034 : {'exactitude': 5, 'pertinence': 4, 'coherence': 5, 'concision': 5}
  sintel-vo d_0035 : {'exactitude': 5, 'pertinence': 4, 'coherence': 5, 'concision': 5}
  sintel-vo d_0036 : {'exactitude': 5, 'pertinence': 4, 'coherence': 5, 'concision': 5}
  sintel-vo d_0037 : {'exactitude': 5, 'pertinence': 4, 'coherence': 5, 'concision': 5}
  sintel-vo d_0038 : {'exactitude': 5, 'pertinence': 4, 'coherence': 5, 'concision': 5}
  sintel-vo d_0039 : {'exactitude': 5, 'pertinence': 4, 'coherence': 5, 'concision': 5}
  sintel-vo d_0040 : {'exactitude': 5, 'pertinence': 3, 'coherence': 5, 'concision': 4}
  sintel-vo d_0041 : {'exactitude': 4, 'pertinence': 3, 'coherence': 5, 'concision': 4}
  sintel-vo d_0042 : {'exactitude': 5, 'pertinence': 4, 'coherence': 5, 'concision': 5}
  sintel-vo d_0043 : {'exactitude': 5, 'pertinence': 4, 'coherence': 5, 'concision': 5}
  sintel-vo d_0044 : {'exactitude': 5, 'pertinence': 3, 'coherence': 5, 'concision': 4}
  sintel-vo d_0045 : {'exactitude': 5, 'pertinence': 4, 'coherence': 5, 'concision': 5}
  sintel-vo d_0046 : {'exactitude': 5, 'pertinence': 4, 'coherence': 5, 'concision': 5}
  sintel-vo d_0047 : {'exactitude': 4, 'pertinence': 3, 'coherence': 5, 'concision': 4}
  sintel-vo d_0048 : {'exactitude': 5, 'pertinence': 4, 'coherence': 5, 'concision': 5}
  sintel-vo d_0049 : {'exactitude': 3, 'pertinence': 4, 'coherence': 5, 'concision': 4}
  sintel-vo d_0050 : {'exactitude': 4, 'pertinence': 3, 'coherence': 5, 'concision': 4}
  sintel-vo d_0051 : {'exactitude': 2, 'pertinence': 3, 'coherence': 4, 'concision': 5}
  sintel-vo d_0052 : {'exactitude': 4, 'pertinence': 3, 'coherence': 5, 'concision': 4}
  sintel-vo d_0053 : {'exactitude': 1, 'pertinence': 2, 'coherence': 3, 'concision': 4}
  sintel-vo d_0054 : {'exactitude': 5, 'pertinence': 4, 'coherence': 5, 'concision': 5}
  sintel-vo d_0055 : {'exactitude': 5, 'pertinence': 3, 'coherence': 4, 'concision': 5}
  sintel-vo d_0056 : {'exactitude': 2, 'pertinence': 3, 'coherence': 4, 'concision': 5}
  sintel-vo d_0057 : {'exactitude': 5, 'pertinence': 4, 'coherence': 5, 'concision': 5}
  sintel-vo d_0058 : {'exactitude': 5, 'pertinence': 4, 'coherence': 5, 'concision': 5}
  sintel-vo d_0059 : {'exactitude': 5, 'pertinence': 3, 'coherence': 5, 'concision': 4}
  sintel-vo d_0060 : {'exactitude': 5, 'pertinence': 4, 'coherence': 5, 'concision': 5}
  sintel-vo d_0061 : {'exactitude': 5, 'pertinence': 4, 'coherence': 5, 'concision': 5}
  sintel-vo d_0062 : {'exactitude': 4, 'pertinence': 3, 'coherence': 5, 'concision': 4}
  sintel-vo d_0063 : {'exactitude': 5, 'pertinence': 3, 'coherence': 4, 'concision': 5}
  sintel-vo d_0064 : {'exactitude': 5, 'pertinence': 4, 'coherence': 5, 'concision': 5}
  sintel-vo d_0065 : {'exactitude': 3, 'pertinence': 4, 'coherence': 5, 'concision': 4}
  sintel-vo d_0066 : {'exactitude': 4, 'pertinence': 3, 'coherence': 5, 'concision': 4}
  sintel-vo d_0067 : {'exactitude': 2, 'pertinence': 3, 'coherence': 4, 'concision': 5}
  sintel-vo d_0068 : {'exactitude': 3, 'pertinence': 4, 'coherence': 5, 'concision': 5}
  sintel-vo d_0069 : {'exactitude': 5, 'pertinence': 4, 'coherence': 5, 'concision': 5}
  sintel-vo d_0070 : {'exactitude': 4, 'pertinence': 3, 'coherence': 5, 'concision': 4}
  sintel-vo d_0071 : {'exactitude': 3, 'pertinence': 4, 'coherence': 5, 'concision': 4}
  sintel-vo d_0072 : {'exactitude': 4, 'pertinence': 3, 'coherence': 5, 'concision': 4}
  sintel-vo d_0073 : {'exactitude': 3, 'pertinence': 2, 'coherence': 4, 'concision': 5}
  sintel-vo d_0074 : {'exactitude': 5, 'pertinence': 4, 'coherence': 5, 'concision': 5}
  sintel-vo d_0075 : {'exactitude': 4, 'pertinence': 3, 'coherence': 5, 'concision': 4}
  sintel-vo d_0076 : {'exactitude': 5, 'pertinence': 4, 'coherence': 5, 'concision': 5}
  sintel-vo d_0077 : {'exactitude': 4, 'pertinence': 3, 'coherence': 5, 'concision': 4}
  sintel-vo d_0078 : {'exactitude': 4, 'pertinence': 3, 'coherence': 5, 'concision': 4}
  sintel-vo d_0079 : {'exactitude': 4, 'pertinence': 3, 'coherence': 5, 'concision': 4}
  sintel-vo d_0080 : {'exactitude': 5, 'pertinence': 4, 'coherence': 5, 'concision': 5}
  sintel-vo d_0081 : {'exactitude': 3, 'pertinence': 4, 'coherence': 5, 'concision': 4}
  sintel-vo d_0082 : {'exactitude': 5, 'pertinence': 4, 'coherence': 5, 'concision': 5}
  sintel-vo d_0083 : {'exactitude': 4, 'pertinence': 3, 'coherence': 5, 'concision': 4}
  sintel-vo d_0084 : {'exactitude': 4, 'pertinence': 3, 'coherence': 5, 'concision': 4}
  sintel-vo d_0085 : {'exactitude': 5, 'pertinence': 4, 'coherence': 5, 'concision': 5}
  sintel-vo d_0086 : {'exactitude': 5, 'pertinence': 4, 'coherence': 5, 'concision': 5}
  sintel-vo d_0087 : {'exactitude': 4, 'pertinence': 3, 'coherence': 5, 'concision': 4}
  sintel-vo d_0088 : {'exactitude': 3, 'pertinence': 4, 'coherence': 5, 'concision': 5}
  sintel-vo d_0089 : {'exactitude': 5, 'pertinence': 4, 'coherence': 5, 'concision': 5}
  sintel-vo d_0090 : {'exactitude': 5, 'pertinence': 4, 'coherence': 5, 'concision': 5}
  sintel-vo d_0091 : {'exactitude': 5, 'pertinence': 4, 'coherence': 5, 'concision': 5}
  sintel-vo d_0092 : {'exactitude': 2, 'pertinence': 3, 'coherence': 4, 'concision': 5}
  sintel-vo d_0093 : {'exactitude': 5, 'pertinence': 4, 'coherence': 5, 'concision': 5}
  sintel-vo d_0094 : {'exactitude': 5, 'pertinence': 4, 'coherence': 5, 'concision': 5}
  sintel-vo d_0095 : {'exactitude': 5, 'pertinence': 4, 'coherence': 5, 'concision': 5}
  sintel-vo d_0096 : {'exactitude': 2, 'pertinence': 3, 'coherence': 4, 'concision': 5}
  sintel-vo d_0097 : {'exactitude': 5, 'pertinence': 4, 'coherence': 5, 'concision': 5}
  sintel-vo d_0098 : {'exactitude': 4, 'pertinence': 3, 'coherence': 5, 'concision': 4}
  sintel-vo d_0099 : {'exactitude': 5, 'pertinence': 3, 'coherence': 4, 'concision': 5}
  sintel-vo d_0100 : {'exactitude': 4, 'pertinence': 3, 'coherence': 5, 'concision': 4}
  sintel-vo d_0101 : {'exactitude': 5, 'pertinence': 4, 'coherence': 5, 'concision': 5}
  sintel-vo d_0102 : {'exactitude': 5, 'pertinence': 3, 'coherence': 4, 'concision': 5}
  sintel-vo d_0103 : {'exactitude': 5, 'pertinence': 3, 'coherence': 4, 'concision': 5}
  sintel-vo d_0104 : {'exactitude': 5, 'pertinence': 5, 'coherence': 5, 'concision': 5}
  sintel-vo d_0105 : {'exactitude': 5, 'pertinence': 4, 'coherence': 5, 'concision': 5}
  sintel-vo d_0106 : {'exactitude': 5, 'pertinence': 4, 'coherence': 5, 'concision': 5}
  sintel-vo d_0107 : {'exactitude': 4, 'pertinence': 3, 'coherence': 5, 'concision': 4}
  sintel-vo d_0108 : {'exactitude': 2, 'pertinence': 3, 'coherence': 4, 'concision': 5}
  sintel-vo d_0109 : {'exactitude': 5, 'pertinence': 4, 'coherence': 5, 'concision': 5}
  sintel-vo d_0110 : {'exactitude': 4, 'pertinence': 3, 'coherence': 5, 'concision': 4}
  sintel-vo d_0111 : {'exactitude': 4, 'pertinence': 3, 'coherence': 5, 'concision': 4}
  sintel-vo d_0112 : {'exactitude': 5, 'pertinence': 4, 'coherence': 5, 'concision': 4}
  sintel-vo d_0113 : {'exactitude': 5, 'pertinence': 3, 'coherence': 5, 'concision': 4}
  sintel-vo d_0114 : {'exactitude': 2, 'pertinence': 1, 'coherence': 4, 'concision': 5}
  sprite-fright-vf d_0001 : {'exactitude': 2, 'pertinence': 3, 'coherence': 1, 'concision': 4}
  sprite-fright-vf d_0000 : {'exactitude': 5, 'pertinence': 4, 'coherence': 5, 'concision': 5}
  sprite-fright-vf d_0002 : {'exactitude': 5, 'pertinence': 4, 'coherence': 5, 'concision': 5}
  sprite-fright-vf d_0003 : {'exactitude': 5, 'pertinence': 4, 'coherence': 5, 'concision': 5}
  sprite-fright-vf d_0004 : {'exactitude': 4, 'pertinence': 3, 'coherence': 5, 'concision': 4}
  sprite-fright-vf d_0005 : {'exactitude': 5, 'pertinence': 3, 'coherence': 5, 'concision': 4}
  sprite-fright-vf d_0006 : {'exactitude': 5, 'pertinence': 4, 'coherence': 5, 'concision': 5}
  sprite-fright-vf d_0007 : {'exactitude': 4, 'pertinence': 3, 'coherence': 5, 'concision': 4}
  sprite-fright-vf d_0008 : {'exactitude': 1, 'pertinence': 1, 'coherence': 1, 'concision': 5}
  sprite-fright-vf d_0009 : {'exactitude': 5, 'pertinence': 4, 'coherence': 5, 'concision': 5}
  sprite-fright-vf d_0010 : {'exactitude': 4, 'pertinence': 3, 'coherence': 5, 'concision': 4}
  sprite-fright-vf d_0011 : {'exactitude': 5, 'pertinence': 4, 'coherence': 5, 'concision': 5}
  sprite-fright-vf d_0012 : {'exactitude': 4, 'pertinence': 3, 'coherence': 5, 'concision': 4}
  sprite-fright-vf d_0014 : {'exactitude': 2, 'pertinence': 3, 'coherence': 4, 'concision': 5}
  sprite-fright-vf d_0015 : {'exactitude': 4, 'pertinence': 3, 'coherence': 5, 'concision': 4}
  sprite-fright-vf d_0016 : {'exactitude': 5, 'pertinence': 4, 'coherence': 5, 'concision': 5}
  sprite-fright-vf d_0017 : {'exactitude': 2, 'pertinence': 3, 'coherence': 4, 'concision': 5}
  sprite-fright-vf d_0018 : {'exactitude': 3, 'pertinence': 4, 'coherence': 5, 'concision': 5}
  sprite-fright-vf d_0019 : {'exactitude': 4, 'pertinence': 3, 'coherence': 5, 'concision': 4}
  sprite-fright-vf d_0020 : {'exactitude': 4, 'pertinence': 3, 'coherence': 5, 'concision': 4}
  sprite-fright-vf d_0021 : {'exactitude': 3, 'pertinence': 4, 'coherence': 5, 'concision': 5}
  sprite-fright-vf d_0022 : {'exactitude': 4, 'pertinence': 3, 'coherence': 5, 'concision': 4}
  sprite-fright-vf d_0023 : {'exactitude': 4, 'pertinence': 3, 'coherence': 5, 'concision': 4}
  sprite-fright-vf d_0024 : {'exactitude': 4, 'pertinence': 3, 'coherence': 5, 'concision': 4}
  sprite-fright-vf d_0025 : {'exactitude': 4, 'pertinence': 3, 'coherence': 5, 'concision': 4}
  sprite-fright-vf d_0027 : {'exactitude': 4, 'pertinence': 3, 'coherence': 5, 'concision': 4}
  sprite-fright-vf d_0028 : {'exactitude': 4, 'pertinence': 3, 'coherence': 5, 'concision': 4}
  sprite-fright-vf d_0029 : {'exactitude': 4, 'pertinence': 3, 'coherence': 5, 'concision': 4}
  sprite-fright-vf d_0030 : {'exactitude': 4, 'pertinence': 3, 'coherence': 5, 'concision': 4}
  sprite-fright-vf d_0031 : {'exactitude': 5, 'pertinence': 4, 'coherence': 5, 'concision': 5}
  sprite-fright-vf d_0032 : {'exactitude': 2, 'pertinence': 3, 'coherence': 5, 'concision': 4}
  sprite-fright-vf d_0034 : {'exactitude': 5, 'pertinence': 4, 'coherence': 5, 'concision': 5}
  tears-of-steel d_0002 : {'exactitude': 5, 'pertinence': 4, 'coherence': 5, 'concision': 5}
  tears-of-steel d_0001 : {'exactitude': 5, 'pertinence': 4, 'coherence': 5, 'concision': 5}
  tears-of-steel d_0003 : {'exactitude': 4, 'pertinence': 3, 'coherence': 5, 'concision': 4}
  tears-of-steel d_0004 : {'exactitude': 3, 'pertinence': 4, 'coherence': 5, 'concision': 5}
  tears-of-steel d_0005 : {'exactitude': 5, 'pertinence': 4, 'coherence': 5, 'concision': 5}
  tears-of-steel d_0006 : {'exactitude': 5, 'pertinence': 4, 'coherence': 5, 'concision': 5}
  tears-of-steel d_0007 : {'exactitude': 5, 'pertinence': 3, 'coherence': 4, 'concision': 5}
  tears-of-steel d_0008 : {'exactitude': 5, 'pertinence': 4, 'coherence': 5, 'concision': 5}
  tears-of-steel d_0009 : {'exactitude': 5, 'pertinence': 4, 'coherence': 5, 'concision': 5}
  tears-of-steel d_0010 : {'exactitude': 5, 'pertinence': 4, 'coherence': 5, 'concision': 5}
  tears-of-steel d_0011 : {'exactitude': 5, 'pertinence': 3, 'coherence': 4, 'concision': 5}
  tears-of-steel d_0012 : {'exactitude': 4, 'pertinence': 3, 'coherence': 5, 'concision': 4}
  tears-of-steel d_0013 : {'exactitude': 4, 'pertinence': 3, 'coherence': 5, 'concision': 4}
  tears-of-steel d_0014 : {'exactitude': 5, 'pertinence': 4, 'coherence': 5, 'concision': 5}
  tears-of-steel d_0015 : {'exactitude': 2, 'pertinence': 3, 'coherence': 4, 'concision': 5}
  tears-of-steel d_0016 : {'exactitude': 5, 'pertinence': 4, 'coherence': 5, 'concision': 5}
  tears-of-steel d_0017 : {'exactitude': 5, 'pertinence': 3, 'coherence': 4, 'concision': 5}
  tears-of-steel d_0018 : {'exactitude': 5, 'pertinence': 4, 'coherence': 5, 'concision': 5}
  tears-of-steel d_0019 : {'exactitude': 5, 'pertinence': 4, 'coherence': 5, 'concision': 5}
  tears-of-steel d_0020 : {'exactitude': 5, 'pertinence': 4, 'coherence': 5, 'concision': 5}
  tears-of-steel d_0021 : {'exactitude': 5, 'pertinence': 4, 'coherence': 5, 'concision': 5}
  tears-of-steel d_0022 : {'exactitude': 5, 'pertinence': 4, 'coherence': 5, 'concision': 5}
  tears-of-steel d_0023 : {'exactitude': 5, 'pertinence': 4, 'coherence': 5, 'concision': 5}
  tears-of-steel d_0024 : {'exactitude': 5, 'pertinence': 4, 'coherence': 5, 'concision': 5}
  tears-of-steel d_0025 : {'exactitude': 4, 'pertinence': 3, 'coherence': 5, 'concision': 4}
  tears-of-steel d_0026 : {'exactitude': 5, 'pertinence': 4, 'coherence': 5, 'concision': 5}
  tears-of-steel d_0027 : {'exactitude': 5, 'pertinence': 4, 'coherence': 5, 'concision': 5}
  tears-of-steel d_0028 : {'exactitude': 5, 'pertinence': 4, 'coherence': 5, 'concision': 5}
  tears-of-steel d_0029 : {'exactitude': 4, 'pertinence': 5, 'coherence': 3, 'concision': 5}
  tears-of-steel d_0030 : {'exactitude': 5, 'pertinence': 4, 'coherence': 5, 'concision': 5}
  tears-of-steel d_0031 : {'exactitude': 4, 'pertinence': 3, 'coherence': 5, 'concision': 4}
  tears-of-steel d_0032 : {'exactitude': 5, 'pertinence': 4, 'coherence': 5, 'concision': 5}
  tears-of-steel d_0033 : {'exactitude': 5, 'pertinence': 3, 'coherence': 5, 'concision': 4}
  tears-of-steel d_0034 : {'exactitude': 4, 'pertinence': 3, 'coherence': 5, 'concision': 4}
  tears-of-steel d_0035 : {'exactitude': 4, 'pertinence': 3, 'coherence': 5, 'concision': 4}
  tears-of-steel d_0036 : {'exactitude': 5, 'pertinence': 4, 'coherence': 5, 'concision': 5}
  tears-of-steel d_0037 : {'exactitude': 5, 'pertinence': 4, 'coherence': 5, 'concision': 5}
  tears-of-steel d_0038 : {'exactitude': 5, 'pertinence': 4, 'coherence': 5, 'concision': 5}
  tears-of-steel d_0039 : {'exactitude': 2, 'pertinence': 3, 'coherence': 4, 'concision': 5}
  tears-of-steel d_0040 : {'exactitude': 5, 'pertinence': 4, 'coherence': 5, 'concision': 5}
  tears-of-steel d_0041 : {'exactitude': 3, 'pertinence': 4, 'coherence': 5, 'concision': 5}
  tears-of-steel d_0042 : {'exactitude': 5, 'pertinence': 4, 'coherence': 5, 'concision': 5}
  tears-of-steel d_0043 : {'exactitude': 4, 'pertinence': 3, 'coherence': 5, 'concision': 4}
  tears-of-steel d_0044 : {'exactitude': 4, 'pertinence': 3, 'coherence': 5, 'concision': 4}
  tears-of-steel d_0045 : {'exactitude': 4, 'pertinence': 3, 'coherence': 5, 'concision': 4}
  tears-of-steel d_0046 : {'exactitude': 2, 'pertinence': 3, 'coherence': 4, 'concision': 5}
  tears-of-steel d_0047 : {'exactitude': 5, 'pertinence': 4, 'coherence': 5, 'concision': 5}
  tears-of-steel d_0048 : {'exactitude': 5, 'pertinence': 3, 'coherence': 5, 'concision': 4}
  tears-of-steel d_0049 : {'exactitude': 5, 'pertinence': 3, 'coherence': 4, 'concision': 5}
  tears-of-steel d_0050 : {'exactitude': 4, 'pertinence': 3, 'coherence': 5, 'concision': 4}
  tears-of-steel d_0051 : {'exactitude': 5, 'pertinence': 4, 'coherence': 5, 'concision': 5}
  tears-of-steel d_0052 : {'exactitude': 5, 'pertinence': 4, 'coherence': 5, 'concision': 5}
  tears-of-steel d_0053 : {'exactitude': 5, 'pertinence': 4, 'coherence': 5, 'concision': 5}
  tears-of-steel d_0054 : {'exactitude': 4, 'pertinence': 3, 'coherence': 5, 'concision': 4}
  tears-of-steel d_0055 : {'exactitude': 5, 'pertinence': 4, 'coherence': 5, 'concision': 5}
  tears-of-steel d_0056 : {'exactitude': 5, 'pertinence': 4, 'coherence': 5, 'concision': 5}
  tears-of-steel d_0057 : {'exactitude': 5, 'pertinence': 4, 'coherence': 5, 'concision': 5}
  tears-of-steel d_0058 : {'exactitude': 4, 'pertinence': 3, 'coherence': 5, 'concision': 4}
  tears-of-steel d_0059 : {'exactitude': 4, 'pertinence': 3, 'coherence': 5, 'concision': 4}
  tears-of-steel d_0060 : {'exactitude': 5, 'pertinence': 4, 'coherence': 5, 'concision': 5}
  tears-of-steel d_0061 : {'exactitude': 3, 'pertinence': 4, 'coherence': 2, 'concision': 5}
  tears-of-steel d_0063 : {'exactitude': 5, 'pertinence': 4, 'coherence': 5, 'concision': 5}
  tears-of-steel d_0065 : {'exactitude': 4, 'pertinence': 3, 'coherence': 5, 'concision': 4}
  tears-of-steel d_0066 : {'exactitude': 2, 'pertinence': 3, 'coherence': 4, 'concision': 5}
  tears-of-steel d_0067 : {'exactitude': 5, 'pertinence': 4, 'coherence': 5, 'concision': 5}
  tears-of-steel d_0068 : {'exactitude': 5, 'pertinence': 4, 'coherence': 5, 'concision': 5}
  tears-of-steel d_0069 : {'exactitude': 5, 'pertinence': 4, 'coherence': 5, 'concision': 4}
  tears-of-steel d_0070 : {'exactitude': 3, 'pertinence': 4, 'coherence': 5, 'concision': 4}
  tears-of-steel d_0072 : {'exactitude': 5, 'pertinence': 4, 'coherence': 5, 'concision': 5}
  tears-of-steel d_0073 : {'exactitude': 5, 'pertinence': 4, 'coherence': 5, 'concision': 5}
  tears-of-steel d_0074 : {'exactitude': 5, 'pertinence': 4, 'coherence': 5, 'concision': 5}
  tears-of-steel d_0075 : {'exactitude': 5, 'pertinence': 4, 'coherence': 5, 'concision': 5}
  tears-of-steel d_0076 : {'exactitude': 5, 'pertinence': 4, 'coherence': 5, 'concision': 5}
  tears-of-steel d_0077 : {'exactitude': 5, 'pertinence': 4, 'coherence': 5, 'concision': 5}
  tears-of-steel d_0078 : {'exactitude': 5, 'pertinence': 5, 'coherence': 5, 'concision': 5}
(résumé : voir juge_small.md)
